 Image kaleidoscope-runtime:local Building 
#1 [internal] load local bake definitions
#1 reading from stdin 644B done
#1 DONE 0.0s

#2 [internal] load build definition from Dockerfile.runtime
#2 transferring dockerfile: 8.44kB done
#2 DONE 0.0s

#3 resolve image config for docker-image://docker.io/docker/dockerfile:1.7
#3 DONE 0.2s

#4 docker-image://docker.io/docker/dockerfile:1.7@sha256:a57df69d0ea827fb7266491f2813635de6f17269be881f696fbfdf2d83dda33e
#4 resolve docker.io/docker/dockerfile:1.7@sha256:a57df69d0ea827fb7266491f2813635de6f17269be881f696fbfdf2d83dda33e done
#4 CACHED

#5 [internal] load metadata for docker.io/library/rust:1.88-slim-bookworm
#5 DONE 0.1s

#6 [internal] load metadata for docker.io/library/debian:bookworm-slim
#6 DONE 0.2s

#7 [internal] load metadata for docker.io/library/node:22-bookworm-slim
#7 DONE 0.2s

#8 [prism-builder 1/7] FROM docker.io/library/node:22-bookworm-slim@sha256:e21fc383b50d5347dc7a9f1cae45b8f4e2f0d39f7ade28e4eef7d2934522b752
#8 resolve docker.io/library/node:22-bookworm-slim@sha256:e21fc383b50d5347dc7a9f1cae45b8f4e2f0d39f7ade28e4eef7d2934522b752 done
#8 DONE 0.0s

#9 [runtime 1/4] FROM docker.io/library/debian:bookworm-slim@sha256:96e378d7e6531ac9a15ad505478fcc2e69f371b10f5cdf87857c4b8188404716
#9 resolve docker.io/library/debian:bookworm-slim@sha256:96e378d7e6531ac9a15ad505478fcc2e69f371b10f5cdf87857c4b8188404716 done
#9 DONE 0.0s

#10 [rust-builder 1/6] FROM docker.io/library/rust:1.88-slim-bookworm@sha256:38bc5a86d998772d4aec2348656ed21438d20fcdce2795b56ca434cf21430d89
#10 resolve docker.io/library/rust:1.88-slim-bookworm@sha256:38bc5a86d998772d4aec2348656ed21438d20fcdce2795b56ca434cf21430d89 0.0s done
#10 DONE 0.0s

#11 [internal] load build context
#11 transferring context: 34.81kB 0.0s done
#11 DONE 0.0s

#12 [rust-builder 6/6] RUN cargo build --release -p kaleidoscope-runtime --locked
#12 CACHED

#13 [prism-builder 2/7] WORKDIR /workspace
#13 CACHED

#14 [prism-builder 5/7] COPY apps ./apps
#14 CACHED

#15 [rust-builder 4/6] COPY crates ./crates
#15 CACHED

#16 [prism-builder 6/7] RUN pnpm install --frozen-lockfile --filter prism
#16 CACHED

#17 [prism-builder 3/7] RUN corepack enable && corepack prepare pnpm@9 --activate
#17 CACHED

#18 [rust-builder 5/6] COPY xtask ./xtask
#18 CACHED

#19 [rust-builder 2/6] WORKDIR /workspace
#19 CACHED

#20 [prism-builder 4/7] COPY pnpm-workspace.yaml pnpm-lock.yaml ./
#20 CACHED

#21 [rust-builder 3/6] COPY Cargo.toml Cargo.lock rust-toolchain.toml ./
#21 CACHED

#22 [prism-builder 7/7] RUN pnpm --filter prism build
#22 CACHED

#23 [runtime 2/4] COPY --from=rust-builder /workspace/target/release/kaleidoscope     /usr/local/bin/kaleidoscope
#23 CACHED

#24 [runtime 3/4] COPY --from=prism-builder /workspace/apps/prism/dist /srv/prism
#24 CACHED

#25 [runtime 4/4] WORKDIR /data
#25 CACHED

#26 exporting to image
#26 exporting layers done
#26 exporting manifest sha256:fd722235e69225fb59740bc3bc6429dea71066da183285d56836cced8d9f8684 done
#26 exporting config sha256:dac2e7f3a493466236515cb9782c510becc4a1e0a91607bbc7a88ba53f8a8dad done
#26 exporting attestation manifest sha256:940b6dd26ce7f4b051c16e94a877b899e98bb553c3546380858cf6dc474f7b3d done
#26 exporting manifest list sha256:77697b2db05a05c00c8ba177c066d6517c34568574a806f408e86e59c3829cfc done
#26 naming to docker.io/library/kaleidoscope-runtime:local done
#26 unpacking to docker.io/library/kaleidoscope-runtime:local done
#26 DONE 0.0s

#27 resolving provenance for metadata file
#27 DONE 0.0s
 Image kaleidoscope-runtime:local Built 
 Container m1loop17574-runtime-1 Recreate 
 Container m1loop17574-runtime-1 Recreated 
 Container m1loop17574-runtime-1 Starting 
 Container m1loop17574-runtime-1 Started 
 Image kaleidoscope-telemetrygen:local Building 
 Image kaleidoscope-runtime:local Building 
#1 [internal] load local bake definitions
#1 reading from stdin 1.18kB done
#1 DONE 0.0s

#2 [internal] load build definition from Dockerfile.runtime
#2 transferring dockerfile: 8.44kB done
#2 DONE 0.0s

#3 resolve image config for docker-image://docker.io/docker/dockerfile:1.7
#3 DONE 0.2s

#4 docker-image://docker.io/docker/dockerfile:1.7@sha256:a57df69d0ea827fb7266491f2813635de6f17269be881f696fbfdf2d83dda33e
#4 resolve docker.io/docker/dockerfile:1.7@sha256:a57df69d0ea827fb7266491f2813635de6f17269be881f696fbfdf2d83dda33e done
#4 CACHED

#5 [internal] load metadata for docker.io/library/debian:bookworm-slim
#5 ...

#6 [internal] load metadata for docker.io/library/rust:1.88-slim-bookworm
#6 DONE 0.2s

#5 [internal] load metadata for docker.io/library/debian:bookworm-slim
#5 DONE 0.2s

#7 [generator-builder 1/6] FROM docker.io/library/rust:1.88-slim-bookworm@sha256:38bc5a86d998772d4aec2348656ed21438d20fcdce2795b56ca434cf21430d89
#7 resolve docker.io/library/rust:1.88-slim-bookworm@sha256:38bc5a86d998772d4aec2348656ed21438d20fcdce2795b56ca434cf21430d89 0.0s done
#7 DONE 0.0s

#8 [generator 1/3] FROM docker.io/library/debian:bookworm-slim@sha256:96e378d7e6531ac9a15ad505478fcc2e69f371b10f5cdf87857c4b8188404716
#8 resolve docker.io/library/debian:bookworm-slim@sha256:96e378d7e6531ac9a15ad505478fcc2e69f371b10f5cdf87857c4b8188404716 0.0s done
#8 DONE 0.0s

#9 [internal] load build context
#9 transferring context: 30.72kB 0.0s done
#9 DONE 0.0s

#10 [generator-builder 2/6] WORKDIR /workspace
#10 CACHED

#11 [generator-builder 3/6] COPY Cargo.toml Cargo.lock rust-toolchain.toml ./
#11 CACHED

#12 [generator-builder 4/6] COPY crates ./crates
#12 CACHED

#13 [generator-builder 5/6] COPY xtask ./xtask
#13 CACHED

#14 [generator-builder 6/6] RUN cargo build --release -p kaleidoscope-telemetrygen --locked
#14 CACHED

#15 [generator 2/3] COPY --from=generator-builder     /workspace/target/release/kaleidoscope-telemetrygen     /usr/local/bin/kaleidoscope-telemetrygen
#15 CACHED

#16 [generator 3/3] WORKDIR /data
#16 DONE 0.0s

#17 exporting to image
#17 exporting layers 0.0s done
#17 exporting manifest sha256:972391302a73f4beff730ee4348881d5765e9c100f262153013da12fd58b8a8a done
#17 exporting config sha256:96142d6c9a593505805994d1a059a7dfa7078b7a60a765a0582841296bddd4bc done
#17 exporting attestation manifest sha256:77e8eb20028d1b6d2f91863a01b66c33fe00ee054c28252120544c9f9389e8fe done
#17 exporting manifest list sha256:e75e549d4b1fa7dcf4ecb7136100494a058f5d4702b4bebafdab12cb3c02555f done
#17 naming to docker.io/library/kaleidoscope-telemetrygen:local done
#17 unpacking to docker.io/library/kaleidoscope-telemetrygen:local
#17 unpacking to docker.io/library/kaleidoscope-telemetrygen:local done
#17 DONE 0.1s

#18 resolving provenance for metadata file
#18 DONE 0.0s
 Image kaleidoscope-telemetrygen:local Built 
 Container m1loop17574-runtime-1 Waiting 
 Container m1loop17574-runtime-1 Healthy 
 Container m1loop17574-seed-run-a4be5b084a20 Creating 
 Container m1loop17574-seed-run-a4be5b084a20 Created 
kaleidoscope-telemetrygen: pushed 1 metric(s), 1 log(s), 1 span(s)
seed: pushed sample telemetry for tenant acme
